╭───────────────────────────────╮                                                                    
│  mash  The Connection Manager │                                                                    
╰───────────────────────────────╯                                                                    
╭──────────────────────────────────────────────────────────────╮ ╭──────────────────────────────────╮
│ Name        Port      Type      Host        Uptime           │ │                                  │
│──────────────────────────────────────────────────────────────│ │   SSH                            │
│ prod-web-…  22        SSH       10.0.1.50   PT120H30M        │ │                                  │
│ staging-db  5432      SSH       db.stagin…  < 1h             │ │  Status                          │
│ bastion     2222      SSH       bastion.c…  -                │ │  ────────────────────────        │
│ mosh-serv…  60001     Mosh      localhost   PT4H15M          │ │  ✓ 12.5ms                        │
│                                                              │ │                                  │
│                                                              │ │  Connection                      │
│                                                              │ │  ────────────────────────        │
│                                                              │ │  host bastion.corp.example.com   │
│                                                              │ │  user ops                        │
│                                                              │ │  port 2222                       │
│                                                              │ │                                  │
│                                                              │ ╰──────────────────────────────────╯
│                                                              │                                     
│                                                              │                                     
│                                                              │                                     
│                                                              │                                     
│                                                              │                                     
│                                                              │                                     
│                                                              │                                     
│                                                              │                                     
│                                                              │                                     
│                                                              │                                     
│                                                              │                                     
│                                                              │                                     
│                                                              │                                     
│                                                              │                                     
│                                                              │                                     
│                                                              │                                     
│                                                              │                                     
│                                                              │                                     
│                                                              │                                     
│                                                              │                                     
╰──────────────────────────────────────────────────────────────╯                                     
 4  connections  · h  back  · j/k  switch  · q  quit                                                 