╭──────────────────────────────────────────────╮                                                     
│  MASH  Mosh / SSH / Cloud Connection Manager │                                                     
╰──────────────────────────────────────────────╯                                                     
╭──────────────────────────────────────────────────────────────╮ ╭──────────────────────────────────╮
│ Name        Port      Type      Host        Uptime           │ │                                  │
│──────────────────────────────────────────────────────────────│ │   Mosh                           │
│ prod-web-…  22        SSH       10.0.1.50   PT120H30M        │ │                                  │
│ staging-db  5432      SSH       db.stagin…  < 1h             │ │  Status                          │
│ bastion     2222      SSH       bastion.c…  -                │ │  ────────────────────────        │
│ mosh-serv…  60001     Mosh      localhost   PT4H15M          │ │  ✗ unreachable                   │
│                                                              │ │                                  │
│                                                              │ │  Connection                      │
│                                                              │ │  ────────────────────────        │
│                                                              │ │  host localhost                  │
│                                                              │ │  user -                          │
│                                                              │ │  port 60001                      │
│                                                              │ │  pid  54321                      │
│                                                              │ │  up   PT4H15M                    │
│                                                              │ │                                  │
│                                                              │ ╰──────────────────────────────────╯
│                                                              │                                     
│                                                              │                                     
│                                                              │                                     
│                                                              │                                     
│                                                              │                                     
│                                                              │                                     
│                                                              │                                     
│                                                              │                                     
│                                                              │                                     
│                                                              │                                     
│                                                              │                                     
│                                                              │                                     
│                                                              │                                     
│                                                              │                                     
│                                                              │                                     
│                                                              │                                     
│                                                              │                                     
│                                                              │                                     
╰──────────────────────────────────────────────────────────────╯                                     
 4  connections  · h  back  · j/k  switch  · q  quit                                                 