 Mash - Mosh/SSH Connection Manager                                                                                                 
┌──────────────────────────────────────────────────────────────────────────────────────────────────────────────────────────────────┐
│ Name                                          Port      Type      Host                                          Uptime           │
│──────────────────────────────────────────────────────────────────────────────────────────────────────────────────────────────────│
│                                                                                                                                  │
│                                                                                                                                  │
│                                                                                                                                  │
│                                                                                                                                  │
│                                                                                                                                  │
│                                                                                                                                  │
│                                                                                                                                  │
│                                                                                                                                  │
│                                                                                                                                  │
│                                                                                                                                  │
│                                                                                                                                  │
│                                                                                                                                  │
│                                                                                                                                  │
│                                                                                                                                  │
│                                                                                                                                  │
│                                                                                                                                  │
│                                                                                                                                  │
│                                                                                                                                  │
│                                                                                                                                  │
│                                                                                                                                  │
│                                                                                                                                  │
│                                                                                                                                  │
│                                                                                                                                  │
│                                                                                                                                  │
│                                                                                                                                  │
│                                                                                                                                  │
│                                                                                                                                  │
│                                                                                                                                  │
│                                                                                                                                  │
│                                                                                                                                  │
│                                                                                                                                  │
│                                                                                                                                  │
└──────────────────────────────────────────────────────────────────────────────────────────────────────────────────────────────────┘
  0 connections | No connections found | q: quit                                                                                    