╭──────────────────────────────────────────────╮                                                                                    
│  MASH  Mosh / SSH / Cloud Connection Manager │                                                                                    
╰──────────────────────────────────────────────╯                                                                                    
╭──────────────────────────────────────────────────────────────────────────────────────────────────────────────────────────────────╮
│ Name                                          Port      Type      Host                                          Uptime           │
│──────────────────────────────────────────────────────────────────────────────────────────────────────────────────────────────────│
│ prod-db-primary                               5432      SSH       10.0.2.100                                    -                │
│ aws-bastion-us-east                           22        SSH       bastion.aws.example.com                       -                │
│ redis-cache-01                                6379      SSH       10.0.3.50                                     -                │
│ grafana-monitoring                            3000      SSH       monitoring.internal.example.com               -                │
│ nginx-lb-public                               443       SSH       lb.example.com                                -                │
│                                                                                                                                  │
│                                                                                                                                  │
│                                                                                                                                  │
│                                                                                                                                  │
│                                                                                                                                  │
│                                                                                                                                  │
│                                                                                                                                  │
│                                                                                                                                  │
│                                                                                                                                  │
│                                                                                                                                  │
│                                                                                                                                  │
│                                                                                                                                  │
│                                                                                                                                  │
│                                                                                                                                  │
│                                                                                                                                  │
│                                                                                                                                  │
│                                                                                                                                  │
│                                                                                                                                  │
│                                                                                                                                  │
│                                                                                                                                  │
│                                                                                                                                  │
│                                                                                                                                  │
│                                                                                                                                  │
│                                                                                                                                  │
│                                                                                                                                  │
│                                                                                                                                  │
│                                                                                                                                  │
╰──────────────────────────────────────────────────────────────────────────────────────────────────────────────────────────────────╯
 5  connections  · j/k  nav  · l  select  · /  search  · q  quit                                                                    