╭──────────────────────────────────────────────╮                                                     
│  MASH  Mosh / SSH / Cloud Connection Manager │                                                     
╰──────────────────────────────────────────────╯                                                     
╭──────────────────────────────────────────────────────────────╮ ╭──────────────────────────────────╮
│ Name        Port      Type      Host        Uptime           │ │                                  │
│──────────────────────────────────────────────────────────────│ │   SSH                            │
│ prod-db-p…  5432      SSH       10.0.2.100  -                │ │                                  │
│ aws-basti…  22        SSH       bastion.a…  -                │ │  Status                          │
│ redis-cac…  6379      SSH       10.0.3.50   -                │ │  ────────────────────────        │
│ grafana-m…  3000      SSH       monitorin…  -                │ │  ✓ 15.4ms                        │
│ nginx-lb-…  443       SSH       lb.exampl…  -                │ │                                  │
│                                                              │ │  Connection                      │
│                                                              │ │  ────────────────────────        │
│                                                              │ │  host bastion.aws.example.com    │
│                                                              │ │  user ec2-user                   │
│                                                              │ │  port 22                         │
│                                                              │ │                                  │
│                                                              │ ╰──────────────────────────────────╯
│                                                              │                                     
│                                                              │                                     
│                                                              │                                     
│                                                              │                                     
│                                                              │                                     
│                                                              │                                     
│                                                              │                                     
│                                                              │                                     
│                                                              │                                     
│                                                              │                                     
│                                                              │                                     
│                                                              │                                     
│                                                              │                                     
│                                                              │                                     
│                                                              │                                     
│                                                              │                                     
│                                                              │                                     
│                                                              │                                     
│                                                              │                                     
│                                                              │                                     
╰──────────────────────────────────────────────────────────────╯                                     
 5  connections  · h  back  · j/k  switch  · q  quit                                                 