╭───────────────────────────────╮                                                                                                   
│  mash  The Connection Manager │                                                                                                   
╰───────────────────────────────╯                                                                                                   
 / search   ba   2 matches                                                                                                          
╭──────────────────────────────────────────────────────────────────────────────────────────────────────────────────────────────────╮
│ Name                                          Port      Type      Host                                          Uptime           │
│──────────────────────────────────────────────────────────────────────────────────────────────────────────────────────────────────│
│ staging-db                                    5432      SSH       db.staging.example.com                        < 1h             │
│ bastion                                       2222      SSH       bastion.corp.example.com                      -                │
│                                                                                                                                  │
│                                                                                                                                  │
│                                                                                                                                  │
│                                                                                                                                  │
│                                                                                                                                  │
│                                                                                                                                  │
│                                                                                                                                  │
│                                                                                                                                  │
│                                                                                                                                  │
│                                                                                                                                  │
│                                                                                                                                  │
│                                                                                                                                  │
│                                                                                                                                  │
│                                                                                                                                  │
│                                                                                                                                  │
│                                                                                                                                  │
│                                                                                                                                  │
│                                                                                                                                  │
│                                                                                                                                  │
│                                                                                                                                  │
│                                                                                                                                  │
│                                                                                                                                  │
│                                                                                                                                  │
│                                                                                                                                  │
│                                                                                                                                  │
│                                                                                                                                  │
│                                                                                                                                  │
│                                                                                                                                  │
│                                                                                                                                  │
│                                                                                                                                  │
╰──────────────────────────────────────────────────────────────────────────────────────────────────────────────────────────────────╯
 2  connections  · type  filter  · enter  keep  · esc  cancel                                                                       