╭───────────────────────────────╮                                                                                                   
│  mash  The Connection Manager │                                                                                                   
╰───────────────────────────────╯                                                                                                   
 / search   b   3 matches                                                                                                           
╭──────────────────────────────────────────────────────────────────────────────────────────────────────────────────────────────────╮
│ Name                                          Port      Type      Host                                          Uptime           │
│──────────────────────────────────────────────────────────────────────────────────────────────────────────────────────────────────│
│ prod-web-01                                   22        SSH       10.0.1.50                                     PT120H30M        │
│ staging-db                                    5432      SSH       db.staging.example.com                        < 1h             │
│ bastion                                       2222      SSH       bastion.corp.example.com                      -                │
│                                                                                                                                  │
│                                                                                                                                  │
│                                                                                                                                  │
│                                                                                                                                  │
│                                                                                                                                  │
│                                                                                                                                  │
│                                                                                                                                  │
│                                                                                                                                  │
│                                                                                                                                  │
│                                                                                                                                  │
│                                                                                                                                  │
│                                                                                                                                  │
│                                                                                                                                  │
│                                                                                                                                  │
│                                                                                                                                  │
│                                                                                                                                  │
│                                                                                                                                  │
│                                                                                                                                  │
│                                                                                                                                  │
│                                                                                                                                  │
│                                                                                                                                  │
│                                                                                                                                  │
│                                                                                                                                  │
│                                                                                                                                  │
│                                                                                                                                  │
│                                                                                                                                  │
│                                                                                                                                  │
│                                                                                                                                  │
│                                                                                                                                  │
╰──────────────────────────────────────────────────────────────────────────────────────────────────────────────────────────────────╯
 3  connections  · type  filter  · enter  keep  · esc  cancel                                                                       